###############################################################################
#
# IAR ELF Linker V7.60.1.11101/W32 for ARM                11/Sep/2018  13:51:41
# Copyright 2007-2016 IAR Systems AB.
#
#    Output file  =  D:\work\ArmProjects\RDC2-0041\Debug\Exe\RDC2-0041.out
#    Map file     =  D:\work\ArmProjects\RDC2-0041\Debug\List\RDC2-0041.map
#    Command line =  
#        D:\work\ArmProjects\RDC2-0041\Debug\Obj\DataTables.o
#        D:\work\ArmProjects\RDC2-0041\Debug\Obj\Display.o
#        D:\work\ArmProjects\RDC2-0041\Debug\Obj\EventHandler.o
#        D:\work\ArmProjects\RDC2-0041\Debug\Obj\I2C.o
#        D:\work\ArmProjects\RDC2-0041\Debug\Obj\Key.o
#        D:\work\ArmProjects\RDC2-0041\Debug\Obj\LED.o
#        D:\work\ArmProjects\RDC2-0041\Debug\Obj\main.o
#        D:\work\ArmProjects\RDC2-0041\Debug\Obj\RDC2-0041_USB.o
#        D:\work\ArmProjects\RDC2-0041\Debug\Obj\RTC.o
#        D:\work\ArmProjects\RDC2-0041\Debug\Obj\SPI_EEPROM.o
#        D:\work\ArmProjects\RDC2-0041\Debug\Obj\startup_stm32f042.o
#        D:\work\ArmProjects\RDC2-0041\Debug\Obj\stm32f0xx_it.o
#        D:\work\ArmProjects\RDC2-0041\Debug\Obj\system_stm32f0xx.o
#        D:\work\ArmProjects\RDC2-0041\Debug\Obj\usb_bsp.o
#        D:\work\ArmProjects\RDC2-0041\Debug\Obj\usb_core.o
#        D:\work\ArmProjects\RDC2-0041\Debug\Obj\usb_dcd.o
#        D:\work\ArmProjects\RDC2-0041\Debug\Obj\usb_dcd_int.o
#        D:\work\ArmProjects\RDC2-0041\Debug\Obj\usbd_core.o
#        D:\work\ArmProjects\RDC2-0041\Debug\Obj\usbd_custom_hid_core.o
#        D:\work\ArmProjects\RDC2-0041\Debug\Obj\usbd_desc.o
#        D:\work\ArmProjects\RDC2-0041\Debug\Obj\usbd_ioreq.o
#        D:\work\ArmProjects\RDC2-0041\Debug\Obj\usbd_pwr.o
#        D:\work\ArmProjects\RDC2-0041\Debug\Obj\usbd_req.o
#        D:\work\ArmProjects\RDC2-0041\Debug\Obj\usbd_usr.o -o
#        D:\work\ArmProjects\RDC2-0041\Debug\Exe\RDC2-0041.out --redirect
#        _Printf=_PrintfFull --redirect _Scanf=_ScanfFull --map
#        D:\work\ArmProjects\RDC2-0041\Debug\List\RDC2-0041.map --config
#        "C:\Program Files (x86)\IAR Systems\Embedded Workbench
#        7.4\arm\config\linker\ST\stm32f042x6.icf" --semihosting --entry
#        __iar_program_start --vfe
#
###############################################################################

*******************************************************************************
*** RUNTIME MODEL ATTRIBUTES
***

CppFlavor       = *
__SystemLibrary = DLib


*******************************************************************************
*** PLACEMENT SUMMARY
***

"A1":  place at 0x08000000 { ro section .intvec };
"P1":  place in [from 0x08000000 to 0x08007fff] { ro };
"P2":  place in [from 0x20000000 to 0x200017ff] { rw, block CSTACK, block HEAP };
initialize by copy { rw };

  Section            Kind        Address    Size  Object
  -------            ----        -------    ----  ------
"A1":                                       0xc0
  .intvec            ro code  0x08000000    0xc0  startup_stm32f042.o [1]
                            - 0x080000c0    0xc0

"P1":                                     0x3925
  .text              ro code  0x080000c0   0x7f0  main.o [1]
  .text              ro code  0x080008b0    0xdc  RDC2-0041_USB.o [1]
  .text              ro code  0x0800098c   0x35e  RTC.o [1]
  .text              ro code  0x08000cea     0xa  usbd_usr.o [1]
  .text              ro code  0x08000cf4   0x2d8  Display.o [1]
  .text              ro code  0x08000fcc   0x228  SPI_EEPROM.o [1]
  .text              ro code  0x080011f4   0x11c  LED.o [1]
  .text              ro code  0x08001310   0x224  EventHandler.o [1]
  .text              ro code  0x08001534   0x1c8  Key.o [1]
  .text              ro code  0x080016fc    0xe0  I32DivModFast.o [4]
  .text              ro code  0x080017dc   0x2b4  usbd_core.o [1]
  .text              ro code  0x08001a90   0x1f2  usbd_custom_hid_core.o [1]
  .rodata            const    0x08001c82     0x2  RTC.o [1]
  .text              ro code  0x08001c84   0x1bc  I2C.o [1]
  .text              ro code  0x08001e40     0x2  IntDivZer.o [4]
  .text              ro code  0x08001e42     0x2  startup_stm32f042.o [1]
  .text              ro code  0x08001e44   0x114  usb_bsp.o [1]
  .text              ro code  0x08001f58   0x11c  usbd_desc.o [1]
  .text              ro code  0x08002074   0x50c  usb_dcd.o [1]
  .text              ro code  0x08002580   0x5f6  usbd_req.o [1]
  .text              ro code  0x08002b76    0xcc  usbd_ioreq.o [1]
  .text              ro code  0x08002c42     0x2  startup_stm32f042.o [1]
  .text              ro code  0x08002c44   0x4b4  usb_core.o [1]
  .text              ro code  0x080030f8   0x464  usb_dcd_int.o [1]
  .text              ro code  0x0800355c   0x130  usbd_pwr.o [1]
  .text              ro code  0x0800368c    0x94  system_stm32f0xx.o [1]
  .text              ro code  0x08003720    0x3c  zero_init3.o [4]
  .text              ro code  0x0800375c    0x3c  packbits_init_single.o [4]
  .text              ro code  0x08003798    0x34  stm32f0xx_it.o [1]
  .rodata            const    0x080037cc    0x30  usbd_custom_hid_core.o [1]
  .rodata            const    0x080037fc    0x2c  usbd_custom_hid_core.o [1]
  .text              ro code  0x08003828    0x28  data_init.o [4]
  .iar.init_table    const    0x08003850    0x20  - Linker created -
  .text              ro code  0x08003870    0x1a  cmain.o [4]
  .text              ro code  0x0800388a     0x4  low_level_init.o [3]
  .text              ro code  0x0800388e     0x8  exit.o [3]
  .text              ro code  0x08003896     0x2  startup_stm32f042.o [1]
  .text              ro code  0x08003898     0xa  cexit.o [4]
  .text              ro code  0x080038a2     0x2  startup_stm32f042.o [1]
  .text              ro code  0x080038a4    0x14  exit.o [5]
  .rodata            const    0x080038b8    0x18  DataTables.o [1]
  .rodata            const    0x080038d0    0x14  usbd_desc.o [1]
  .rodata            const    0x080038e4    0x10  usbd_desc.o [1]
  .text              ro code  0x080038f4    0x10  startup_stm32f042.o [1]
  .rodata            const    0x08003904     0xc  usbd_desc.o [1]
  .rodata            const    0x08003910     0xc  usbd_desc.o [1]
  .text              ro code  0x0800391c     0xc  cstartup_M.o [4]
  .rodata            const    0x08003928     0x8  usbd_desc.o [1]
  .rodata            const    0x08003930     0x4  DataTables.o [1]
  .rodata            const    0x08003934     0x4  main.o [1]
  .rodata            const    0x08003938     0x4  usbd_desc.o [1]
  .text              ro code  0x0800393c     0x2  startup_stm32f042.o [1]
  .text              ro code  0x0800393e     0x2  startup_stm32f042.o [1]
  .text              ro code  0x08003940     0x2  startup_stm32f042.o [1]
  .text              ro code  0x08003942     0x2  startup_stm32f042.o [1]
  .text              ro code  0x08003944     0x2  startup_stm32f042.o [1]
  .text              ro code  0x08003946     0x2  startup_stm32f042.o [1]
  .text              ro code  0x08003948     0x2  startup_stm32f042.o [1]
  .text              ro code  0x0800394a     0x2  startup_stm32f042.o [1]
  .text              ro code  0x0800394c     0x2  startup_stm32f042.o [1]
  .text              ro code  0x0800394e     0x2  startup_stm32f042.o [1]
  .text              ro code  0x08003950     0x2  startup_stm32f042.o [1]
  .text              ro code  0x08003952     0x2  startup_stm32f042.o [1]
  .text              ro code  0x08003954     0x2  startup_stm32f042.o [1]
  .text              ro code  0x08003956     0x2  startup_stm32f042.o [1]
  .text              ro code  0x08003958     0x2  startup_stm32f042.o [1]
  .text              ro code  0x0800395a     0x2  startup_stm32f042.o [1]
  .text              ro code  0x0800395c     0x2  startup_stm32f042.o [1]
  .text              ro code  0x0800395e     0x2  startup_stm32f042.o [1]
  .rodata            const    0x08003960     0x0  zero_init3.o [4]
  .rodata            const    0x08003960     0x0  packbits_init_single.o [4]
  Initializer bytes  const    0x08003960    0x85  <for P2-1>
                            - 0x080039e5  0x3925

"P2", part 1 of 3:                          0x9d
  P2-1                        0x20000000    0x9d  <Init block>
    .data            inited   0x20000000     0x4  Display.o [1]
    .data            inited   0x20000004     0x4  EventHandler.o [1]
    .data            inited   0x20000008     0x4  main.o [1]
    .data            inited   0x2000000c    0x1c  usbd_core.o [1]
    .data            inited   0x20000028     0x4  usbd_core.o [1]
    .data            inited   0x2000002c    0x24  usbd_custom_hid_core.o [1]
    .data            inited   0x20000050    0x1c  usbd_desc.o [1]
    .data            inited   0x2000006c    0x1c  usbd_desc.o [1]
    .data            inited   0x20000088    0x14  usbd_usr.o [1]
    .data            inited   0x2000009c     0x1  RDC2-0041_USB.o [1]
                            - 0x2000009d    0x9d

"P2", part 2 of 3:                         0x400
  CSTACK                      0x200000a0   0x400  <Block>
    CSTACK           uninit   0x200000a0   0x400  <Block tail>
                            - 0x200004a0   0x400

"P2", part 3 of 3:                         0x2a4
  .bss               zero     0x200004a0    0xc8  RDC2-0041_USB.o [1]
  .bss               zero     0x20000568    0x80  EventHandler.o [1]
  .bss               zero     0x200005e8    0x60  EventHandler.o [1]
  .bss               zero     0x20000648    0x40  RDC2-0041_USB.o [1]
  .bss               zero     0x20000688    0x40  usbd_custom_hid_core.o [1]
  .bss               zero     0x200006c8    0x40  usbd_req.o [1]
  .bss               zero     0x20000708     0x4  Display.o [1]
  .bss               zero     0x2000070c     0x4  Display.o [1]
  .bss               zero     0x20000710     0x4  EventHandler.o [1]
  .bss               zero     0x20000714     0x4  Key.o [1]
  .bss               zero     0x20000718     0x4  main.o [1]
  .bss               zero     0x2000071c     0x4  main.o [1]
  .bss               zero     0x20000720     0x4  usb_dcd.o [1]
  .bss               zero     0x20000724     0x4  usbd_custom_hid_core.o [1]
  .bss               zero     0x20000728     0x4  usbd_custom_hid_core.o [1]
  .bss               zero     0x2000072c     0x4  usbd_custom_hid_core.o [1]
  .bss               zero     0x20000730     0x4  usbd_pwr.o [1]
  .bss               zero     0x20000734     0x4  usbd_pwr.o [1]
  .bss               zero     0x20000738     0x4  usbd_req.o [1]
  .bss               zero     0x2000073c     0x1  Display.o [1]
  .bss               zero     0x2000073d     0x1  Display.o [1]
  .bss               zero     0x2000073e     0x1  main.o [1]
  .bss               zero     0x2000073f     0x1  RDC2-0041_USB.o [1]
  .bss               zero     0x20000740     0x1  RTC.o [1]
  .bss               zero     0x20000741     0x1  usbd_custom_hid_core.o [1]
  .bss               zero     0x20000742     0x1  usbd_custom_hid_core.o [1]
  .bss               zero     0x20000743     0x1  usbd_req.o [1]
                            - 0x20000744   0x2a4


*******************************************************************************
*** INIT TABLE
***

          Address     Size
          -------     ----
Zero (__iar_zero_init3)
    1 destination range, total size 0x2a4:
          0x200004a0  0x2a4

Copy/packbits (__iar_packbits_init_single3)
    1 source range, total size 0x85 (84% of destination):
          0x08003960   0x85
    1 destination range, total size 0x9d:
          0x20000000   0x9d



*******************************************************************************
*** MODULE SUMMARY
***

    Module                  ro code  ro data  rw data
    ------                  -------  -------  -------
D:\work\ArmProjects\RDC2-0041\Debug\Obj: [1]
    DataTables.o                          28
    Display.o                   728        3       14
    EventHandler.o              548        3      232
    I2C.o                       444
    Key.o                       456                 4
    LED.o                       284
    RDC2-0041_USB.o             220        1      266
    RTC.o                       862        2        1
    SPI_EEPROM.o                552
    main.o                    2 032        8       13
    startup_stm32f042.o         252
    stm32f0xx_it.o               52
    system_stm32f0xx.o          148
    usb_bsp.o                   276
    usb_core.o                1 204
    usb_dcd.o                 1 292                 4
    usb_dcd_int.o             1 124
    usbd_core.o                 692       27       32
    usbd_custom_hid_core.o      498      122      114
    usbd_desc.o                 284      120       56
    usbd_ioreq.o                204
    usbd_pwr.o                  304                 8
    usbd_req.o                1 526                69
    usbd_usr.o                   10       17       20
    -------------------------------------------------
    Total:                   13 992      331      833

command line: [2]
    -------------------------------------------------
    Total:

dl6M_tln.a: [3]
    exit.o                        8
    low_level_init.o              4
    -------------------------------------------------
    Total:                       12

rt6M_tl.a: [4]
    I32DivModFast.o             224
    IntDivZer.o                   2
    cexit.o                      10
    cmain.o                      26
    cstartup_M.o                 12
    data_init.o                  40
    packbits_init_single.o       60
    zero_init3.o                 60
    -------------------------------------------------
    Total:                      434

shb_l.a: [5]
    exit.o                       20
    -------------------------------------------------
    Total:                       20

    Linker created                        32    1 024
-----------------------------------------------------
    Grand Total:             14 458      363    1 857


*******************************************************************************
*** ENTRY LIST
***

Entry                      Address   Size  Type      Object
-----                      -------   ----  ----      ------
.iar.init_table$$Base   0x08003850          --   Gb  - Linker created -
.iar.init_table$$Limit  0x08003870          --   Gb  - Linker created -
?main                   0x08003871         Code  Gb  cmain.o [4]
ADDRESS                 0x20000738    0x4  Data  Gb  usbd_req.o [1]
ActivateNextEvent       0x0800057d  0x108  Code  Gb  main.o [1]
BinToDec                0x08000caf   0x16  Code  Gb  RTC.o [1]
CHARACTERS              0x080038b8   0x18  Data  Gb  DataTables.o [1]
CSTACK$$Base            0x200000a0          --   Gb  - Linker created -
CSTACK$$Limit           0x200004a0          --   Gb  - Linker created -
CTR                     0x080030f9  0x2fe  Code  Gb  usb_dcd_int.o [1]
ChangeDisplayState      0x0800074d   0x64  Code  Gb  main.o [1]
ClearDTOG_RX            0x08002d89   0x2e  Code  Gb  usb_core.o [1]
ClearDTOG_TX            0x08002db7   0x2e  Code  Gb  usb_core.o [1]
CustomHID_ReportDescriptor
                        0x080037cc   0x30  Data  Gb  usbd_custom_hid_core.o [1]
DCD_DevConnect          0x08002555   0x14  Code  Gb  usb_dcd.o [1]
DCD_EP_Close            0x0800225b   0xaa  Code  Gb  usb_dcd.o [1]
DCD_EP_ClrStall         0x080024b5   0x5c  Code  Gb  usb_dcd.o [1]
DCD_EP_Open             0x08002107  0x154  Code  Gb  usb_dcd.o [1]
DCD_EP_PrepareRx        0x08002305   0x74  Code  Gb  usb_dcd.o [1]
DCD_EP_SetAddress       0x08002511   0x44  Code  Gb  usb_dcd.o [1]
DCD_EP_Stall            0x08002427   0x8e  Code  Gb  usb_dcd.o [1]
DCD_EP_Tx               0x08002379   0xae  Code  Gb  usb_dcd.o [1]
DCD_Init                0x08002075   0x40  Code  Gb  usb_dcd.o [1]
DCD_PMA_Config          0x080020b9   0x4e  Code  Gb  usb_dcd.o [1]
DEBOUNCE_TIMER_ISR      0x080015c7   0x4a  Code  Gb  Key.o [1]
DIGITS_PINS             0x08003930    0x4  Data  Gb  DataTables.o [1]
DISPLAY_TIMER_ISR       0x08000d87   0xdc  Code  Gb  Display.o [1]
DISPLAY_TIMER_ISR::CurDigit
                        0x2000073d    0x1  Data  Lc  Display.o [1]
DataForDisplay          0x20000718    0x4  Data  Gb  main.o [1]
DaySettings             0x20000710    0x4  Data  Lc  EventHandler.o [1]
DaySettingsPtr          0x20000004    0x4  Data  Lc  EventHandler.o [1]
DecToBin                0x08000cc5   0x26  Code  Gb  RTC.o [1]
DisplayState            0x2000073c    0x1  Data  Lc  Display.o [1]
Display_Init            0x08000e7d   0x6c  Code  Gb  Display.o [1]
Display_OFF             0x08000f21   0x44  Code  Gb  Display.o [1]
Display_ON              0x08000f07   0x1a  Code  Gb  Display.o [1]
Display_PointSet        0x08000ee9   0x1e  Code  Gb  Display.o [1]
Display_SetState        0x08000f6b    0x6  Code  Gb  Display.o [1]
Display_SetValue        0x08000e63   0x1a  Code  Gb  Display.o [1]
Display_State           0x08000f65    0x6  Code  Gb  Display.o [1]
Dpoint                  0x2000070c    0x4  Data  Lc  Display.o [1]
DpointPtr               0x20000000    0x4  Data  Lc  Display.o [1]
EEPROM_Init             0x08000fcd   0x6e  Code  Gb  SPI_EEPROM.o [1]
EEPROM_IsPresent        0x08001143   0x70  Code  Gb  SPI_EEPROM.o [1]
EEPROM_Read             0x080010ab   0x50  Code  Gb  SPI_EEPROM.o [1]
EEPROM_ReadStatus       0x080010fb   0x2e  Code  Gb  SPI_EEPROM.o [1]
EEPROM_WhileNotReady    0x08001129   0x1a  Code  Gb  SPI_EEPROM.o [1]
EEPROM_Write            0x0800103b   0x70  Code  Gb  SPI_EEPROM.o [1]
EXTI0_1_IRQHandler      0x080037c5    0x8  Code  Gb  stm32f0xx_it.o [1]
EXTI2_3_IRQHandler      0x080037b5    0x8  Code  Gb  stm32f0xx_it.o [1]
EmptyFunction           0x080007b5    0x2  Code  Gb  main.o [1]
ErrorHandler            0x08000857   0x34  Code  Gb  main.o [1]
Events                  0x200005e8   0x60  Data  Lc  EventHandler.o [1]
EventsPtr               0x20000568   0x80  Data  Lc  EventHandler.o [1]
Events_Init             0x080014fd   0x24  Code  Gb  EventHandler.o [1]
ExecuteEvent            0x08001443   0x48  Code  Gb  EventHandler.o [1]
FindPendingEvent        0x08001311   0x98  Code  Gb  EventHandler.o [1]
FreeUserBuffer          0x0800302d   0x4a  Code  Gb  usb_core.o [1]
GetENDPOINT             0x08002c5f    0xe  Code  Gb  usb_core.o [1]
GetEPDblBuf0Count       0x08002ff1   0x1a  Code  Gb  usb_core.o [1]
GetEPDblBuf1Count       0x08003011   0x1a  Code  Gb  usb_core.o [1]
GetEPRxCount            0x08002ea5   0x1a  Code  Gb  usb_core.o [1]
GetEPTxCount            0x08002e8b   0x1a  Code  Gb  usb_core.o [1]
GetTime                 0x080002db   0x1a  Code  Gb  main.o [1]
Get_SerialNum           0x08001fc7   0x30  Code  Gb  usbd_desc.o [1]
HardFault_Handler       0x0800379b    0x4  Code  Gb  stm32f0xx_it.o [1]
I2C_Init                0x08001c85   0x6e  Code  Gb  I2C.o [1]
I2C_Read                0x08001d59   0xa2  Code  Gb  I2C.o [1]
I2C_Write               0x08001cf3   0x66  Code  Gb  I2C.o [1]
IntStatus               0x20000740    0x1  Data  Lc  RTC.o [1]
IntToUnicode            0x0800202d   0x48  Code  Lc  usbd_desc.o [1]
KEY_ISR                 0x08001611   0x34  Code  Gb  Key.o [1]
KeyPressedAction        0x20000714    0x4  Data  Gb  Key.o [1]
Key_Init                0x08001645   0x6a  Code  Gb  Key.o [1]
LED_Init                0x080011f5   0x44  Code  Gb  LED.o [1]
LED_OFF                 0x08001249    0xe  Code  Gb  LED.o [1]
LED_ON                  0x08001239   0x10  Code  Gb  LED.o [1]
LED_ONwithFreq          0x08001257   0x7a  Code  Gb  LED.o [1]
LoadDayEvents           0x080003ed   0x50  Code  Gb  main.o [1]
NMI_Handler             0x08003799    0x2  Code  Gb  stm32f0xx_it.o [1]
NVIC_EnableIRQ          0x08000cf5    0xe  Code  Lc  Display.o [1]
NVIC_EnableIRQ          0x08001535    0xe  Code  Lc  Key.o [1]
NVIC_EnableIRQ          0x0800098d    0xe  Code  Lc  RTC.o [1]
NVIC_EnableIRQ          0x08001e45    0xe  Code  Lc  usb_bsp.o [1]
NVIC_SetPriority        0x08000d03   0x84  Code  Lc  Display.o [1]
NVIC_SetPriority        0x08001543   0x84  Code  Lc  Key.o [1]
NVIC_SetPriority        0x0800099b   0x84  Code  Lc  RTC.o [1]
NVIC_SetPriority        0x08001e53   0x84  Code  Lc  usb_bsp.o [1]
NextEventTimeLeft       0x080007b7   0xa0  Code  Gb  main.o [1]
PMAToUserBufferCopy     0x080030b9   0x28  Code  Gb  usb_core.o [1]
PendSV_Handler          0x080037a1    0x2  Code  Gb  stm32f0xx_it.o [1]
PendingEventTime        0x080014c3   0x3a  Code  Gb  EventHandler.o [1]
PrevXferDone            0x2000009c    0x1  Data  Gb  RDC2-0041_USB.o [1]
RDC2_0041_Init          0x080002f5   0xea  Code  Gb  main.o [1]
RDC2_0041_USB_ClearStatus
                        0x0800094d    0xc  Code  Gb  RDC2-0041_USB.o [1]
RDC2_0041_USB_GetPacket
                        0x08000959    0x4  Code  Gb  RDC2-0041_USB.o [1]
RDC2_0041_USB_GetStatus
                        0x08000949    0x4  Code  Gb  RDC2-0041_USB.o [1]
RDC2_0041_USB_Init      0x080008b1   0x28  Code  Gb  RDC2-0041_USB.o [1]
RDC2_0041_USB_RecPacket
                        0x080008d9   0x52  Code  Gb  RDC2-0041_USB.o [1]
RDC2_0041_USB_SendData  0x0800092b   0x1e  Code  Gb  RDC2-0041_USB.o [1]
RDC2_0041_USB_WhileNotReadyToSend
                        0x0800095d    0xc  Code  Gb  RDC2-0041_USB.o [1]
RTCIntHandler           0x08000499   0xd2  Code  Gb  main.o [1]
RTC_ClearCtrlBit        0x08000c89   0x26  Code  Gb  RTC.o [1]
RTC_ClearIntStatus      0x08000b7b    0x8  Code  Gb  RTC.o [1]
RTC_DisableAlarm1       0x08000c59    0xa  Code  Gb  RTC.o [1]
RTC_EnableAlarm1        0x08000c45    0xa  Code  Gb  RTC.o [1]
RTC_EnableAlarm2        0x08000c4f    0xa  Code  Gb  RTC.o [1]
RTC_ISR                 0x08000b61   0x14  Code  Gb  RTC.o [1]
RTC_Init                0x08000a1f   0xc6  Code  Gb  RTC.o [1]
RTC_IsIntActive         0x08000b75    0x6  Code  Gb  RTC.o [1]
RTC_ReadStatus          0x08000bbd   0x26  Code  Gb  RTC.o [1]
RTC_ReadTime            0x08000af5   0x6c  Code  Gb  RTC.o [1]
RTC_SetAlarm            0x08000c03   0x42  Code  Gb  RTC.o [1]
RTC_SetAlarm1           0x08000be3   0x10  Code  Gb  RTC.o [1]
RTC_SetAlarm2           0x08000bf3   0x10  Code  Gb  RTC.o [1]
RTC_SetCtrlBit          0x08000c63   0x26  Code  Gb  RTC.o [1]
RTC_SetTime             0x08000ae5   0x10  Code  Gb  RTC.o [1]
ReadDayEventsCount      0x0800043d   0x20  Code  Gb  main.o [1]
ReadEventData           0x0800045d   0x3c  Code  Gb  main.o [1]
ReadSettings            0x080001d9   0x6e  Code  Gb  main.o [1]
Region$$Table$$Base     0x08003850          --   Gb  - Linker created -
Region$$Table$$Limit    0x08003870          --   Gb  - Linker created -
Report_buf              0x20000688   0x40  Data  Lc  usbd_custom_hid_core.o [1]
Resume                  0x0800359f   0xd8  Code  Gb  usbd_pwr.o [1]
ResumeS                 0x20000730    0x4  Data  Gb  usbd_pwr.o [1]
Resume_Init             0x08003583   0x1c  Code  Gb  usbd_pwr.o [1]
SPI_Send                0x080011b3   0x20  Code  Gb  SPI_EEPROM.o [1]
SVC_Handler             0x0800379f    0x2  Code  Gb  stm32f0xx_it.o [1]
SetBTABLE               0x08002c55    0xa  Code  Gb  usb_core.o [1]
SetCNTR                 0x08002c45    0x8  Code  Gb  usb_core.o [1]
SetDayEventsCount       0x0800148b    0x8  Code  Gb  EventHandler.o [1]
SetEPDblBuffAddr        0x08002ec1   0x3e  Code  Gb  usb_core.o [1]
SetEPDblBuffCount       0x08002f11   0xd4  Code  Gb  usb_core.o [1]
SetEPDoubleBuff         0x08002d03   0x20  Code  Gb  usb_core.o [1]
SetEPRxAddr             0x08002e0d   0x1e  Code  Gb  usb_core.o [1]
SetEPRxCount            0x08002e41   0x4a  Code  Gb  usb_core.o [1]
SetEPRxStatus           0x08002cc7   0x3c  Code  Gb  usb_core.o [1]
SetEPTxAddr             0x08002de5   0x1e  Code  Gb  usb_core.o [1]
SetEPTxCount            0x08002e2b   0x16  Code  Gb  usb_core.o [1]
SetEPTxStatus           0x08002c8f   0x38  Code  Gb  usb_core.o [1]
SetEPType               0x08002c6d   0x22  Code  Gb  usb_core.o [1]
SetEventData            0x08001493   0x30  Code  Gb  EventHandler.o [1]
SetEventState           0x080013a9   0x30  Code  Gb  EventHandler.o [1]
SetISTR                 0x08002c4d    0x8  Code  Gb  usb_core.o [1]
SetPrevTodayEvent       0x080013d9   0x6a  Code  Gb  EventHandler.o [1]
SetPreviousEvent        0x080006bd   0x90  Code  Gb  main.o [1]
State                   0x2000073e    0x1  Data  Lc  main.o [1]
Suspend                 0x0800355d   0x26  Code  Gb  usbd_pwr.o [1]
SyncEvents              0x08000695   0x28  Code  Gb  main.o [1]
SyncTime                0x080002bd   0x1e  Code  Gb  main.o [1]
SysTick_Handler         0x080037a3    0x2  Code  Gb  stm32f0xx_it.o [1]
SystemInit              0x0800368d   0x68  Code  Gb  system_stm32f0xx.o [1]
TIM14_IRQHandler        0x080037bd    0x8  Code  Gb  stm32f0xx_it.o [1]
TIM3_IRQHandler         0x080037ad    0x8  Code  Gb  stm32f0xx_it.o [1]
TimeLeft                0x2000071c    0x4  Data  Gb  main.o [1]
TimeLeftPtr             0x20000008    0x4  Data  Gb  main.o [1]
ToggleDTOG_RX           0x08002d41   0x1e  Code  Gb  usb_core.o [1]
ToggleDTOG_TX           0x08002d69   0x1e  Code  Gb  usb_core.o [1]
USBD_ClrCfg             0x08001a79   0x18  Code  Gb  usbd_core.o [1]
USBD_ClrFeature         0x08002aa3   0x36  Code  Lc  usbd_req.o [1]
USBD_CtlContinueRx      0x08002bed   0x1e  Code  Gb  usbd_ioreq.o [1]
USBD_CtlContinueSendData
                        0x08002ba1   0x1e  Code  Gb  usbd_ioreq.o [1]
USBD_CtlError           0x08002b09   0x10  Code  Gb  usbd_req.o [1]
USBD_CtlPrepareRx       0x08002bbf   0x2e  Code  Gb  usbd_ioreq.o [1]
USBD_CtlReceiveStatus   0x08002c27   0x1c  Code  Gb  usbd_ioreq.o [1]
USBD_CtlSendData        0x08002b77   0x2a  Code  Gb  usbd_ioreq.o [1]
USBD_CtlSendStatus      0x08002c0b   0x1c  Code  Gb  usbd_ioreq.o [1]
USBD_DCD_INT_cb         0x2000000c   0x1c  Data  Gb  usbd_core.o [1]
USBD_DCD_INT_fops       0x20000028    0x4  Data  Gb  usbd_core.o [1]
USBD_DataInStage        0x080018fd   0xc8  Code  Lc  usbd_core.o [1]
USBD_DataOutStage       0x08001877   0x86  Code  Lc  usbd_core.o [1]
USBD_DeInit             0x0800181f    0x6  Code  Gb  usbd_core.o [1]
USBD_DeviceDesc         0x080038d0   0x14  Data  Gb  usbd_desc.o [1]
USBD_GetConfig          0x080029fd   0x48  Code  Lc  usbd_req.o [1]
USBD_GetDescriptor      0x080027ab  0x140  Code  Lc  usbd_req.o [1]
USBD_GetLen             0x08002b61   0x16  Code  Lc  usbd_req.o [1]
USBD_GetStatus          0x08002a45   0x3a  Code  Lc  usbd_req.o [1]
USBD_GetString          0x08002b19   0x48  Code  Gb  usbd_req.o [1]
USBD_HID_AltSet         0x20000724    0x4  Data  Lc  usbd_custom_hid_core.o [1]
USBD_HID_CfgDesc        0x080037fc   0x2c  Data  Gb  usbd_custom_hid_core.o [1]
USBD_HID_DataIn         0x08001c25   0x14  Code  Gb  usbd_custom_hid_core.o [1]
USBD_HID_DataOut        0x08001c39   0x1c  Code  Gb  usbd_custom_hid_core.o [1]
USBD_HID_DeInit         0x08001adb   0x1a  Code  Gb  usbd_custom_hid_core.o [1]
USBD_HID_EP0_RxReady    0x08001c7d    0x6  Code  Gb  usbd_custom_hid_core.o [1]
USBD_HID_GetCfgDesc     0x08001c1b    0xa  Code  Gb  usbd_custom_hid_core.o [1]
USBD_HID_IdleState      0x2000072c    0x4  Data  Lc  usbd_custom_hid_core.o [1]
USBD_HID_Init           0x08001a91   0x4a  Code  Gb  usbd_custom_hid_core.o [1]
USBD_HID_Protocol       0x20000728    0x4  Data  Lc  usbd_custom_hid_core.o [1]
USBD_HID_Report_ID      0x20000741    0x1  Data  Gb  usbd_custom_hid_core.o [1]
USBD_HID_SendReport     0x08001bfb   0x20  Code  Gb  usbd_custom_hid_core.o [1]
USBD_HID_Setup          0x08001af5  0x106  Code  Gb  usbd_custom_hid_core.o [1]
USBD_HID_cb             0x2000002c   0x24  Data  Gb  usbd_custom_hid_core.o [1]
USBD_Init               0x080017dd   0x42  Code  Gb  usbd_core.o [1]
USBD_LangIDDesc         0x08003938    0x4  Data  Gb  usbd_desc.o [1]
USBD_ParseSetupRequest  0x08002ad9   0x30  Code  Gb  usbd_req.o [1]
USBD_Reset              0x080019c9   0x48  Code  Lc  usbd_core.o [1]
USBD_Resume             0x08001a11   0x14  Code  Lc  usbd_core.o [1]
USBD_SOF                0x08001a3d   0x1c  Code  Lc  usbd_core.o [1]
USBD_SetAddress         0x080028eb   0x54  Code  Lc  usbd_req.o [1]
USBD_SetCfg             0x08001a59   0x20  Code  Gb  usbd_core.o [1]
USBD_SetConfig          0x0800293f   0xb6  Code  Lc  usbd_req.o [1]
USBD_SetConfig::cfgidx  0x20000743    0x1  Data  Lc  usbd_req.o [1]
USBD_SetFeature         0x08002a7f   0x24  Code  Lc  usbd_req.o [1]
USBD_SetupStage         0x08001825   0x52  Code  Lc  usbd_core.o [1]
USBD_StdDevReq          0x08002581   0x7c  Code  Gb  usbd_req.o [1]
USBD_StdEPReq           0x0800264d  0x15e  Code  Gb  usbd_req.o [1]
USBD_StdItfReq          0x080025fd   0x50  Code  Gb  usbd_req.o [1]
USBD_StrDesc            0x200006c8   0x40  Data  Gb  usbd_req.o [1]
USBD_StringSerial       0x2000006c   0x1c  Data  Gb  usbd_desc.o [1]
USBD_Suspend            0x08001a25   0x18  Code  Lc  usbd_core.o [1]
USBD_USR_ConfigStrDescriptor
                        0x08001f9f   0x14  Code  Gb  usbd_desc.o [1]
USBD_USR_DeviceConfigured
                        0x08000cef    0x2  Code  Gb  usbd_usr.o [1]
USBD_USR_DeviceDescriptor
                        0x08001f59    0xa  Code  Gb  usbd_desc.o [1]
USBD_USR_DeviceReset    0x08000ced    0x2  Code  Gb  usbd_usr.o [1]
USBD_USR_DeviceResumed  0x08000cf3    0x2  Code  Gb  usbd_usr.o [1]
USBD_USR_DeviceSuspended
                        0x08000cf1    0x2  Code  Gb  usbd_usr.o [1]
USBD_USR_Init           0x08000ceb    0x2  Code  Gb  usbd_usr.o [1]
USBD_USR_InterfaceStrDescriptor
                        0x08001fb3   0x14  Code  Gb  usbd_desc.o [1]
USBD_USR_LangIDStrDescriptor
                        0x08001f63    0xa  Code  Gb  usbd_desc.o [1]
USBD_USR_ManufacturerStrDescriptor
                        0x08001f81   0x14  Code  Gb  usbd_desc.o [1]
USBD_USR_ProductStrDescriptor
                        0x08001f6d   0x14  Code  Gb  usbd_desc.o [1]
USBD_USR_SerialStrDescriptor
                        0x08001f95    0xa  Code  Gb  usbd_desc.o [1]
USBDataBuf              0x20000648   0x40  Data  Lc  RDC2-0041_USB.o [1]
USBStatus               0x2000073f    0x1  Data  Lc  RDC2-0041_USB.o [1]
USB_BSP_EnableInterrupt
                        0x08001f45   0x14  Code  Gb  usb_bsp.o [1]
USB_BSP_Init            0x08001ed7   0x50  Code  Gb  usb_bsp.o [1]
USB_Device_dev          0x200004a0   0xc8  Data  Gb  RDC2-0041_USB.o [1]
USB_IRQHandler          0x080037a5    0x8  Code  Gb  stm32f0xx_it.o [1]
USB_Istr                0x0800342d  0x106  Code  Gb  usb_dcd_int.o [1]
USR_cb                  0x20000088   0x14  Data  Gb  usbd_usr.o [1]
USR_desc                0x20000050   0x1c  Data  Gb  usbd_desc.o [1]
UserToPMABufferCopy     0x08003077   0x38  Code  Gb  usb_core.o [1]
ValueToShow             0x20000708    0x4  Data  Lc  Display.o [1]
WriteSettings           0x08000247   0x76  Code  Gb  main.o [1]
__ICFEDIT_region_RAM_end__ {Abs}
                        0x200017ff          --   Gb  command line/config [2]
__ICFEDIT_region_RAM_start__ {Abs}
                        0x20000000          --   Gb  command line/config [2]
__aeabi_idiv            0x08001729         Code  Gb  I32DivModFast.o [4]
__aeabi_idiv0           0x08001e41         Code  Gb  IntDivZer.o [4]
__aeabi_idivmod         0x08001729         Code  Gb  I32DivModFast.o [4]
__aeabi_uidiv           0x0800172f         Code  Gb  I32DivModFast.o [4]
__aeabi_uidivmod        0x0800172f         Code  Gb  I32DivModFast.o [4]
__cmain                 0x08003871         Code  Gb  cmain.o [4]
__exit                  0x080038a5   0x14  Code  Gb  exit.o [5]
__iar_data_init3        0x08003829   0x28  Code  Gb  data_init.o [4]
__iar_packbits_init_single3
                        0x0800375d   0x3c  Code  Gb  packbits_init_single.o [4]
__iar_program_start     0x0800391d         Code  Gb  cstartup_M.o [4]
__iar_zero_init3        0x08003721   0x3c  Code  Gb  zero_init3.o [4]
__low_level_init        0x0800388b    0x4  Code  Gb  low_level_init.o [3]
__vector_table          0x08000000         Data  Gb  startup_stm32f042.o [1]
_call_main              0x0800387d         Code  Gb  cmain.o [4]
_exit                   0x08003899         Code  Gb  cexit.o [4]
_main                   0x08003887         Code  Gb  cmain.o [4]
exit                    0x0800388f    0x8  Code  Gb  exit.o [3]
flag                    0x20000742    0x1  Data  Gb  usbd_custom_hid_core.o [1]
main                    0x080000c1  0x118  Code  Gb  main.o [1]
remotewakeupon          0x20000734    0x4  Data  Gb  usbd_pwr.o [1]
wInterrupt_Mask         0x20000720    0x4  Data  Gb  usb_dcd.o [1]


[1] = D:\work\ArmProjects\RDC2-0041\Debug\Obj
[2] = command line
[3] = dl6M_tln.a
[4] = rt6M_tl.a
[5] = shb_l.a

  14 458 bytes of readonly  code memory
     363 bytes of readonly  data memory
   1 857 bytes of readwrite data memory

Errors: none
Warnings: none
